ctype.h:43:29:__tolower	0	static
common.c:99:20:_parse_integer_fixup_radix	16	static
common.c:9:8:strcpy	0	static
common.c:18:8:strncpy	0	static
common.c:28:5:strcmp	0	static
common.c:40:5:memcmp	0	static
common.c:52:8:memset	0	static
common.c:64:8:memcpy	0	static
common.c:90:8:strlen	0	static
common.c:131:15:simple_strtoul	32	static
common.c:151:5:strict_strtoul	48	static
common.c:175:6:simple_strtol	16	static
common.c:183:15:ustrtoul	16	static
common.c:225:20:simple_strtoull	32	static
common.c:204:20:ustrtoull	16	static
common.c:244:6:trailing_strtoln	16	static
common.c:260:6:trailing_strtol	0	static
common.c:265:6:str_to_upper	0	static
common.c:273:8:strnlen	0	static
common.c:282:6:hex2str	0	static
common.c:306:6:wr_addr32	0	static
common.c:311:14:rd_addr32	0	static
common.c:316:6:wr_addr8	0	static
common.c:321:15:rd_addr8	0	static
common.c:326:6:wr_addr16	0	static
common.c:331:7:rd_addr16	0	static
common.c:336:6:wr_addr64	0	static
common.c:341:11:rd_addr64	0	static
common.c:346:6:pass	0	static
common.c:351:6:fail	0	static
common.c:356:6:secondary_boot_func	0	static
